#-----------------------------------------------------------
# Vivado v2018.2 (64-bit)
# SW Build 2258646 on Thu Jun 14 20:03:12 MDT 2018
# IP Build 2256618 on Thu Jun 14 22:10:49 MDT 2018
# Start of session at: Mon Sep 24 19:42:34 2018
# Process ID: 10372
# Current directory: C:/Users/furen/Desktop/Kawiarka_editv1
# Command line: vivado.exe -gui_launcher_event rodinguilauncherevent7544 C:\Users\furen\Desktop\Kawiarka_editv1\project_1.xpr
# Log file: C:/Users/furen/Desktop/Kawiarka_editv1/vivado.log
# Journal file: C:/Users/furen/Desktop/Kawiarka_editv1\vivado.jou
#-----------------------------------------------------------
start_gui
open_project C:/Users/furen/Desktop/Kawiarka_editv1/project_1.xpr
update_compile_order -fileset sources_1
synth_design -rtl -name rtl_1
open_project C:/Users/furen/Desktop/WSIZ_SW_Projekt1-master/Maszyna_do_kawy.xpr
update_compile_order -fileset sources_1
current_project project_1
current_project Maszyna_do_kawy
current_project project_1
update_compile_order -fileset sources_1
update_compile_order -fileset sources_1
current_project Maszyna_do_kawy
current_project project_1
update_compile_order -fileset sources_1
update_compile_order -fileset sources_1
current_project Maszyna_do_kawy
current_project project_1
synth_design -rtl -name rtl_1
current_project Maszyna_do_kawy
synth_design -rtl -name rtl_1
current_project project_1
refresh_design
refresh_design
close_design
synth_design -rtl -name rtl_1
synth_design -rtl -name rtl_1
refresh_design
refresh_design
refresh_design
update_compile_order -fileset sources_1
update_compile_order -fileset sources_1
refresh_design
current_project Maszyna_do_kawy
current_project project_1
launch_simulation
launch_simulation
launch_simulation
current_project Maszyna_do_kawy
current_project project_1
refresh_design
refresh_design
refresh_design
launch_simulation
launch_simulation
source test_bench.tcl
current_project Maszyna_do_kawy
launch_simulation
source test_bench.tcl
close_sim
close_project
launch_simulation
source test_bench.tcl
refresh_design
close_sim
